[debug] [2026-09-30T05:23:21.817Z] ----------------------------------------------------------------------
[debug] [2026-09-30T05:23:21.819Z] Command:       C:\Program Files\nodejs\node.exe C:\Users\lenovo\AppData\Roaming\npm\node_modules\firebase-tools\lib\bin\firebase.js deploy --only functions --debug
[debug] [2026-09-30T05:23:21.819Z] CLI Version:   15.31.0
[debug] [2026-09-30T05:23:21.819Z] Platform:      win32
[debug] [2026-09-30T05:23:21.820Z] Node Version:  v24.21.0
[debug] [2026-09-30T05:23:21.820Z] Detected Agent: antigravity
[debug] [2026-09-30T05:23:21.820Z] Time:          Wed Sep 30 2026 10:53:21 GMT+0530 (India Standard Time)
[debug] [2026-09-30T05:23:21.820Z] ----------------------------------------------------------------------
[debug] 
[debug] [2026-09-30T05:23:23.565Z] > command requires scopes: ["email","openid","https://www.googleapis.com/auth/cloudplatformprojects.readonly","https://www.googleapis.com/auth/firebase","https://www.googleapis.com/auth/cloud-platform"]
[debug] [2026-09-30T05:23:23.565Z] > authorizing via signed-in user (firebase.oqulix@gmail.com)
[debug] [2026-09-30T05:23:23.565Z] [iam] checking project gamefaktory-1b0b8 for permissions ["cloudfunctions.functions.create","cloudfunctions.functions.delete","cloudfunctions.functions.get","cloudfunctions.functions.list","cloudfunctions.functions.update","cloudfunctions.operations.get","firebase.projects.get"]
[debug] [2026-09-30T05:23:23.576Z] Checked if tokens are valid: false, expires at: 1790746616268
[debug] [2026-09-30T05:23:23.576Z] Checked if tokens are valid: false, expires at: 1790746616268
[debug] [2026-09-30T05:23:23.577Z] > refreshing access token with scopes: []
[debug] [2026-09-30T05:23:23.578Z] >>> [apiv2][query] POST https://www.googleapis.com/oauth2/v3/token [none]
[debug] [2026-09-30T05:23:23.579Z] >>> [apiv2][body] POST https://www.googleapis.com/oauth2/v3/token [omitted]
[debug] [2026-09-30T05:23:23.874Z] <<< [apiv2][status] POST https://www.googleapis.com/oauth2/v3/token 200
[debug] [2026-09-30T05:23:23.874Z] <<< [apiv2][body] POST https://www.googleapis.com/oauth2/v3/token [omitted]
[debug] [2026-09-30T05:23:23.882Z] >>> [apiv2][query] POST https://cloudresourcemanager.googleapis.com/v1/projects/gamefaktory-1b0b8:testIamPermissions [none]
[debug] [2026-09-30T05:23:23.882Z] >>> [apiv2][(partial)header] POST https://cloudresourcemanager.googleapis.com/v1/projects/gamefaktory-1b0b8:testIamPermissions  x-goog-user-project=gamefaktory-1b0b8
[debug] [2026-09-30T05:23:23.882Z] >>> [apiv2][body] POST https://cloudresourcemanager.googleapis.com/v1/projects/gamefaktory-1b0b8:testIamPermissions {"permissions":["cloudfunctions.functions.create","cloudfunctions.functions.delete","cloudfunctions.functions.get","cloudfunctions.functions.list","cloudfunctions.functions.update","cloudfunctions.operations.get","firebase.projects.get"]}
[debug] [2026-09-30T05:23:25.373Z] <<< [apiv2][status] POST https://cloudresourcemanager.googleapis.com/v1/projects/gamefaktory-1b0b8:testIamPermissions 200
[debug] [2026-09-30T05:23:25.373Z] <<< [apiv2][body] POST https://cloudresourcemanager.googleapis.com/v1/projects/gamefaktory-1b0b8:testIamPermissions {"permissions":["cloudfunctions.functions.create","cloudfunctions.functions.delete","cloudfunctions.functions.get","cloudfunctions.functions.list","cloudfunctions.functions.update","cloudfunctions.operations.get","firebase.projects.get"]}
[debug] [2026-09-30T05:23:25.373Z] Checked if tokens are valid: true, expires at: 1790749402874
[debug] [2026-09-30T05:23:25.373Z] Checked if tokens are valid: true, expires at: 1790749402874
[debug] [2026-09-30T05:23:25.374Z] >>> [apiv2][query] POST https://iam.googleapis.com/v1/projects/gamefaktory-1b0b8/serviceAccounts/gamefaktory-1b0b8@appspot.gserviceaccount.com:testIamPermissions [none]
[debug] [2026-09-30T05:23:25.374Z] >>> [apiv2][body] POST https://iam.googleapis.com/v1/projects/gamefaktory-1b0b8/serviceAccounts/gamefaktory-1b0b8@appspot.gserviceaccount.com:testIamPermissions {"permissions":["iam.serviceAccounts.actAs"]}
[debug] [2026-09-30T05:23:26.940Z] <<< [apiv2][status] POST https://iam.googleapis.com/v1/projects/gamefaktory-1b0b8/serviceAccounts/gamefaktory-1b0b8@appspot.gserviceaccount.com:testIamPermissions 404
[debug] [2026-09-30T05:23:26.940Z] <<< [apiv2][body] POST https://iam.googleapis.com/v1/projects/gamefaktory-1b0b8/serviceAccounts/gamefaktory-1b0b8@appspot.gserviceaccount.com:testIamPermissions {"error":{"code":404,"message":"Unknown service account","status":"NOT_FOUND"}}
[debug] [2026-09-30T05:23:26.941Z] [functions] service account IAM check errored, deploy may fail: Request to https://iam.googleapis.com/v1/projects/gamefaktory-1b0b8/serviceAccounts/gamefaktory-1b0b8@appspot.gserviceaccount.com:testIamPermissions had HTTP Error: 404, Unknown service account {"name":"FirebaseError","children":[],"context":{"body":{"error":{"code":404,"message":"Unknown service account","status":"NOT_FOUND"}},"response":{"statusCode":404}},"exit":1,"message":"Request to https://iam.googleapis.com/v1/projects/gamefaktory-1b0b8/serviceAccounts/gamefaktory-1b0b8@appspot.gserviceaccount.com:testIamPermissions had HTTP Error: 404, Unknown service account","status":404}
[info] 
[info] === Deploying to 'gamefaktory-1b0b8'...
[info] 
[info] i  deploying functions 
[debug] [2026-09-30T05:23:26.943Z] Checked if tokens are valid: true, expires at: 1790749402874
[debug] [2026-09-30T05:23:26.943Z] Checked if tokens are valid: true, expires at: 1790749402874
[debug] [2026-09-30T05:23:26.944Z] >>> [apiv2][query] GET https://cloudresourcemanager.googleapis.com/v1/projects/gamefaktory-1b0b8 [none]
[debug] [2026-09-30T05:23:27.282Z] <<< [apiv2][status] GET https://cloudresourcemanager.googleapis.com/v1/projects/gamefaktory-1b0b8 200
[debug] [2026-09-30T05:23:27.282Z] <<< [apiv2][body] GET https://cloudresourcemanager.googleapis.com/v1/projects/gamefaktory-1b0b8 {"projectNumber":"95784943954","projectId":"gamefaktory-1b0b8","lifecycleState":"ACTIVE","name":"gamefaktory","labels":{"firebase":"enabled","firebase-core":"disabled"},"createTime":"2026-09-19T13:37:31.943Z"}
[info] i  functions: preparing codebase default for deployment 
[info] i  functions: ensuring required API cloudfunctions.googleapis.com is enabled... 
[info] i  functions: ensuring required API cloudbuild.googleapis.com is enabled... 
[info] i  artifactregistry: ensuring required API artifactregistry.googleapis.com is enabled... 
[debug] [2026-09-30T05:23:27.284Z] Checked if tokens are valid: true, expires at: 1790749402874
[debug] [2026-09-30T05:23:27.284Z] Checked if tokens are valid: true, expires at: 1790749402874
[debug] [2026-09-30T05:23:27.284Z] >>> [apiv2][query] GET https://firebase.googleapis.com/v1beta1/projects/gamefaktory-1b0b8/adminSdkConfig [none]
[debug] [2026-09-30T05:23:28.218Z] <<< [apiv2][status] GET https://firebase.googleapis.com/v1beta1/projects/gamefaktory-1b0b8/adminSdkConfig 200
[debug] [2026-09-30T05:23:28.218Z] <<< [apiv2][body] GET https://firebase.googleapis.com/v1beta1/projects/gamefaktory-1b0b8/adminSdkConfig {"projectId":"gamefaktory-1b0b8","storageBucket":"gamefaktory-1b0b8.firebasestorage.app"}
[debug] [2026-09-30T05:23:28.219Z] Validating nodejs source
[debug] [2026-09-30T05:23:29.215Z] > [functions] package.json contents: {
  "name": "functions",
  "description": "Cloud Functions for Firebase",
  "scripts": {
    "serve": "firebase emulators:start --only functions",
    "shell": "firebase functions:shell",
    "start": "npm run shell",
    "deploy": "firebase deploy --only functions",
    "logs": "firebase functions:log"
  },
  "engines": {
    "node": "24"
  },
  "main": "index.js",
  "dependencies": {
    "firebase-admin": "^13.6.0",
    "firebase-functions": "^7.0.0"
  },
  "devDependencies": {
    "firebase-functions-test": "^3.4.1"
  },
  "private": true
}
[debug] [2026-09-30T05:23:29.216Z] Building nodejs source
[info] i  functions: Loading and analyzing source code for codebase default to determine what to deploy 
[debug] [2026-09-30T05:23:29.217Z] Could not find functions.yaml. Must use http discovery
[debug] [2026-09-30T05:23:29.224Z] Found firebase-functions binary at 'D:\Oqulix\Oqulix Projects\GameFaktory\game-feed\game-feed\functions\node_modules\.bin\firebase-functions'
[info] Serving at port 8018

[debug] [2026-09-30T05:23:37.254Z] Got response from /__/functions.yaml {"specVersion":"v1alpha1","endpoints":{"toggleLike":{"availableMemoryMb":null,"timeoutSeconds":null,"minInstances":null,"maxInstances":null,"ingressSettings":null,"concurrency":null,"serviceAccountEmail":null,"vpc":null,"platform":"gcfv2","labels":{},"callableTrigger":{},"entryPoint":"toggleLike"},"addComment":{"availableMemoryMb":null,"timeoutSeconds":null,"minInstances":null,"maxInstances":null,"ingressSettings":null,"concurrency":null,"serviceAccountEmail":null,"vpc":null,"platform":"gcfv2","labels":{},"callableTrigger":{},"entryPoint":"addComment"},"generateReferralCode":{"availableMemoryMb":null,"timeoutSeconds":null,"minInstances":null,"maxInstances":null,"ingressSettings":null,"concurrency":null,"serviceAccountEmail":null,"vpc":null,"platform":"gcfv2","labels":{},"callableTrigger":{},"entryPoint":"generateReferralCode"},"processReferralCode":{"availableMemoryMb":null,"timeoutSeconds":null,"minInstances":null,"maxInstances":null,"ingressSettings":null,"concurrency":null,"serviceAccountEmail":null,"vpc":null,"platform":"gcfv2","labels":{},"callableTrigger":{},"entryPoint":"processReferralCode"},"awardPlaytimeCoin":{"availableMemoryMb":null,"timeoutSeconds":null,"minInstances":null,"maxInstances":null,"ingressSettings":null,"concurrency":null,"serviceAccountEmail":null,"vpc":null,"platform":"gcfv2","labels":{},"callableTrigger":{},"entryPoint":"awardPlaytimeCoin"},"purchaseLife":{"availableMemoryMb":null,"timeoutSeconds":null,"minInstances":null,"maxInstances":null,"ingressSettings":null,"concurrency":null,"serviceAccountEmail":null,"vpc":null,"platform":"gcfv2","labels":{},"callableTrigger":{},"entryPoint":"purchaseLife"},"consumeLife":{"availableMemoryMb":null,"timeoutSeconds":null,"minInstances":null,"maxInstances":null,"ingressSettings":null,"concurrency":null,"serviceAccountEmail":null,"vpc":null,"platform":"gcfv2","labels":{},"callableTrigger":{},"entryPoint":"consumeLife"}},"extensions":{},"requiredAPIs":[]}
[debug] [2026-09-30T05:23:40.297Z] Checked if tokens are valid: true, expires at: 1790749402874
[debug] [2026-09-30T05:23:40.297Z] Checked if tokens are valid: true, expires at: 1790749402874
[debug] [2026-09-30T05:23:40.298Z] >>> [apiv2][query] GET https://cloudfunctions.googleapis.com/v1/projects/gamefaktory-1b0b8/locations/-/functions [none]
[debug] [2026-09-30T05:23:41.211Z] <<< [apiv2][status] GET https://cloudfunctions.googleapis.com/v1/projects/gamefaktory-1b0b8/locations/-/functions 200
[debug] [2026-09-30T05:23:41.211Z] <<< [apiv2][body] GET https://cloudfunctions.googleapis.com/v1/projects/gamefaktory-1b0b8/locations/-/functions {}
[debug] [2026-09-30T05:23:41.212Z] Checked if tokens are valid: true, expires at: 1790749402874
[debug] [2026-09-30T05:23:41.212Z] Checked if tokens are valid: true, expires at: 1790749402874
[debug] [2026-09-30T05:23:41.212Z] >>> [apiv2][query] GET https://cloudfunctions.googleapis.com/v2/projects/gamefaktory-1b0b8/locations/-/functions filter=environment%3D%22GEN_2%22
[debug] [2026-09-30T05:23:42.844Z] <<< [apiv2][status] GET https://cloudfunctions.googleapis.com/v2/projects/gamefaktory-1b0b8/locations/-/functions 200
[debug] [2026-09-30T05:23:42.844Z] <<< [apiv2][body] GET https://cloudfunctions.googleapis.com/v2/projects/gamefaktory-1b0b8/locations/-/functions {"functions":[{"name":"projects/gamefaktory-1b0b8/locations/us-central1/functions/awardPlaytimeCoin","buildConfig":{"build":"projects/95784943954/locations/us-central1/builds/a9af45e3-0dfb-4aac-bd2c-752c22b9be1c","runtime":"nodejs24","entryPoint":"awardPlaytimeCoin","source":{"storageSource":{"bucket":"gcf-v2-sources-95784943954-us-central1","object":"awardPlaytimeCoin/function-source.zip","generation":"1790743151287809"}},"environmentVariables":{"GOOGLE_NODE_RUN_SCRIPTS":""},"dockerRepository":"projects/gamefaktory-1b0b8/locations/us-central1/repositories/gcf-artifacts","sourceProvenance":{"resolvedStorageSource":{"bucket":"gcf-v2-sources-95784943954-us-central1","object":"awardPlaytimeCoin/function-source.zip","generation":"1790743151287809"}},"dockerRegistry":"ARTIFACT_REGISTRY","serviceAccount":"projects/gamefaktory-1b0b8/serviceAccounts/95784943954-compute@developer.gserviceaccount.com","automaticUpdatePolicy":{}},"serviceConfig":{"service":"projects/gamefaktory-1b0b8/locations/us-central1/services/awardplaytimecoin","timeoutSeconds":60,"environmentVariables":{"FIREBASE_CONFIG":"{\"projectId\":\"gamefaktory-1b0b8\",\"storageBucket\":\"gamefaktory-1b0b8.firebasestorage.app\"}","GCLOUD_PROJECT":"gamefaktory-1b0b8","EVENTARC_CLOUD_EVENT_SOURCE":"projects/gamefaktory-1b0b8/locations/us-central1/services/awardPlaytimeCoin","FUNCTION_REGION":"us-central1","FUNCTION_TARGET":"awardPlaytimeCoin","LOG_EXECUTION_ID":"true","FUNCTION_SIGNATURE_TYPE":"http"},"maxInstanceCount":20,"ingressSettings":"ALLOW_ALL","uri":"https://awardplaytimecoin-5qywfw6lha-uc.a.run.app","serviceAccountEmail":"95784943954-compute@developer.gserviceaccount.com","availableMemory":"256Mi","allTrafficOnLatestRevision":true,"revision":"awardplaytimecoin-00002-koz","maxInstanceRequestConcurrency":80,"availableCpu":"1"},"state":"ACTIVE","updateTime":"2026-09-30T04:39:20.085977261Z","labels":{"deployment-tool":"cli-firebase","deployment-callable":"true","firebase-functions-hash":"13f6f28e934f2b74279e357045bff8b78111be11"},"environment":"GEN_2","url":"https://us-central1-gamefaktory-1b0b8.cloudfunctions.net/awardPlaytimeCoin","createTime":"2026-09-29T17:51:33.320990627Z","satisfiesPzi":true},{"name":"projects/gamefaktory-1b0b8/locations/us-central1/functions/generateReferralCode","buildConfig":{"build":"projects/95784943954/locations/us-central1/builds/a9af45e3-0dfb-4aac-bd2c-752c22b9be1c","runtime":"nodejs24","entryPoint":"generateReferralCode","source":{"storageSource":{"bucket":"gcf-v2-sources-95784943954-us-central1","object":"generateReferralCode/function-source.zip","generation":"1790743151355032"}},"environmentVariables":{"GOOGLE_NODE_RUN_SCRIPTS":""},"dockerRepository":"projects/gamefaktory-1b0b8/locations/us-central1/repositories/gcf-artifacts","sourceProvenance":{"resolvedStorageSource":{"bucket":"gcf-v2-sources-95784943954-us-central1","object":"generateReferralCode/function-source.zip","generation":"1790743151355032"}},"dockerRegistry":"ARTIFACT_REGISTRY","serviceAccount":"projects/gamefaktory-1b0b8/serviceAccounts/95784943954-compute@developer.gserviceaccount.com","automaticUpdatePolicy":{}},"serviceConfig":{"service":"projects/gamefaktory-1b0b8/locations/us-central1/services/generatereferralcode","timeoutSeconds":60,"environmentVariables":{"FIREBASE_CONFIG":"{\"projectId\":\"gamefaktory-1b0b8\",\"storageBucket\":\"gamefaktory-1b0b8.firebasestorage.app\"}","GCLOUD_PROJECT":"gamefaktory-1b0b8","EVENTARC_CLOUD_EVENT_SOURCE":"projects/gamefaktory-1b0b8/locations/us-central1/services/generateReferralCode","FUNCTION_REGION":"us-central1","FUNCTION_TARGET":"generateReferralCode","LOG_EXECUTION_ID":"true","FUNCTION_SIGNATURE_TYPE":"http"},"maxInstanceCount":20,"ingressSettings":"ALLOW_ALL","uri":"https://generatereferralcode-5qywfw6lha-uc.a.run.app","serviceAccountEmail":"95784943954-compute@developer.gserviceaccount.com","availableMemory":"256Mi","allTrafficOnLatestRevision":true,"revision":"generatereferralcode-00003-zih","maxInstanceRequestConcurrency":80,"availableCpu":"1"},"state":"ACTIVE","updateTime":"2026-09-30T04:39:19.195122659Z","labels":{"firebase-functions-hash":"13f6f28e934f2b74279e357045bff8b78111be11","deployment-tool":"cli-firebase","deployment-callable":"true"},"environment":"GEN_2","url":"https://us-central1-gamefaktory-1b0b8.cloudfunctions.net/generateReferralCode","createTime":"2026-09-28T13:00:55.248570910Z","satisfiesPzi":true},{"name":"projects/gamefaktory-1b0b8/locations/us-central1/functions/processReferralCode","buildConfig":{"build":"projects/95784943954/locations/us-central1/builds/a9af45e3-0dfb-4aac-bd2c-752c22b9be1c","runtime":"nodejs24","entryPoint":"processReferralCode","source":{"storageSource":{"bucket":"gcf-v2-sources-95784943954-us-central1","object":"processReferralCode/function-source.zip","generation":"1790743151418164"}},"environmentVariables":{"GOOGLE_NODE_RUN_SCRIPTS":""},"dockerRepository":"projects/gamefaktory-1b0b8/locations/us-central1/repositories/gcf-artifacts","sourceProvenance":{"resolvedStorageSource":{"bucket":"gcf-v2-sources-95784943954-us-central1","object":"processReferralCode/function-source.zip","generation":"1790743151418164"}},"dockerRegistry":"ARTIFACT_REGISTRY","serviceAccount":"projects/gamefaktory-1b0b8/serviceAccounts/95784943954-compute@developer.gserviceaccount.com","automaticUpdatePolicy":{}},"serviceConfig":{"service":"projects/gamefaktory-1b0b8/locations/us-central1/services/processreferralcode","timeoutSeconds":60,"environmentVariables":{"FIREBASE_CONFIG":"{\"projectId\":\"gamefaktory-1b0b8\",\"storageBucket\":\"gamefaktory-1b0b8.firebasestorage.app\"}","GCLOUD_PROJECT":"gamefaktory-1b0b8","EVENTARC_CLOUD_EVENT_SOURCE":"projects/gamefaktory-1b0b8/locations/us-central1/services/processReferralCode","FUNCTION_REGION":"us-central1","FUNCTION_TARGET":"processReferralCode","LOG_EXECUTION_ID":"true","FUNCTION_SIGNATURE_TYPE":"http"},"maxInstanceCount":20,"ingressSettings":"ALLOW_ALL","uri":"https://processreferralcode-5qywfw6lha-uc.a.run.app","serviceAccountEmail":"95784943954-compute@developer.gserviceaccount.com","availableMemory":"256Mi","allTrafficOnLatestRevision":true,"revision":"processreferralcode-00003-yaq","maxInstanceRequestConcurrency":80,"availableCpu":"1"},"state":"ACTIVE","updateTime":"2026-09-30T04:39:18.807030289Z","labels":{"firebase-functions-hash":"13f6f28e934f2b74279e357045bff8b78111be11","deployment-tool":"cli-firebase","deployment-callable":"true"},"environment":"GEN_2","url":"https://us-central1-gamefaktory-1b0b8.cloudfunctions.net/processReferralCode","createTime":"2026-09-28T13:01:42.872027890Z","satisfiesPzi":true},{"name":"projects/gamefaktory-1b0b8/locations/us-central1/functions/addComment","buildConfig":{"build":"projects/95784943954/locations/us-central1/builds/a9af45e3-0dfb-4aac-bd2c-752c22b9be1c","runtime":"nodejs24","entryPoint":"addComment","source":{"storageSource":{"bucket":"gcf-v2-sources-95784943954-us-central1","object":"addComment/function-source.zip","generation":"1790743151360022"}},"environmentVariables":{"GOOGLE_NODE_RUN_SCRIPTS":""},"dockerRepository":"projects/gamefaktory-1b0b8/locations/us-central1/repositories/gcf-artifacts","sourceProvenance":{"resolvedStorageSource":{"bucket":"gcf-v2-sources-95784943954-us-central1","object":"addComment/function-source.zip","generation":"1790743151360022"}},"dockerRegistry":"ARTIFACT_REGISTRY","serviceAccount":"projects/gamefaktory-1b0b8/serviceAccounts/95784943954-compute@developer.gserviceaccount.com","automaticUpdatePolicy":{}},"serviceConfig":{"service":"projects/gamefaktory-1b0b8/locations/us-central1/services/addcomment","timeoutSeconds":60,"environmentVariables":{"FIREBASE_CONFIG":"{\"projectId\":\"gamefaktory-1b0b8\",\"storageBucket\":\"gamefaktory-1b0b8.firebasestorage.app\"}","GCLOUD_PROJECT":"gamefaktory-1b0b8","EVENTARC_CLOUD_EVENT_SOURCE":"projects/gamefaktory-1b0b8/locations/us-central1/services/addComment","FUNCTION_REGION":"us-central1","FUNCTION_TARGET":"addComment","LOG_EXECUTION_ID":"true","FUNCTION_SIGNATURE_TYPE":"http"},"maxInstanceCount":20,"ingressSettings":"ALLOW_ALL","uri":"https://addcomment-5qywfw6lha-uc.a.run.app","serviceAccountEmail":"95784943954-compute@developer.gserviceaccount.com","availableMemory":"256Mi","allTrafficOnLatestRevision":true,"revision":"addcomment-00005-voj","maxInstanceRequestConcurrency":80,"availableCpu":"1"},"state":"ACTIVE","updateTime":"2026-09-30T04:39:19.689898499Z","labels":{"deployment-tool":"cli-firebase","deployment-callable":"true","firebase-functions-hash":"13f6f28e934f2b74279e357045bff8b78111be11"},"environment":"GEN_2","url":"https://us-central1-gamefaktory-1b0b8.cloudfunctions.net/addComment","createTime":"2026-09-28T10:17:02.293685136Z","satisfiesPzi":true},{"name":"projects/gamefaktory-1b0b8/locations/us-central1/functions/toggleLike","buildConfig":{"build":"projects/95784943954/locations/us-central1/builds/a9af45e3-0dfb-4aac-bd2c-752c22b9be1c","runtime":"nodejs24","entryPoint":"toggleLike","source":{"storageSource":{"bucket":"gcf-v2-sources-95784943954-us-central1","object":"toggleLike/function-source.zip","generation":"1790743113295357"}},"environmentVariables":{"GOOGLE_NODE_RUN_SCRIPTS":""},"dockerRepository":"projects/gamefaktory-1b0b8/locations/us-central1/repositories/gcf-artifacts","sourceProvenance":{"resolvedStorageSource":{"bucket":"gcf-v2-sources-95784943954-us-central1","object":"toggleLike/function-source.zip","generation":"1790743113295357"}},"dockerRegistry":"ARTIFACT_REGISTRY","serviceAccount":"projects/gamefaktory-1b0b8/serviceAccounts/95784943954-compute@developer.gserviceaccount.com","automaticUpdatePolicy":{}},"serviceConfig":{"service":"projects/gamefaktory-1b0b8/locations/us-central1/services/togglelike","timeoutSeconds":60,"environmentVariables":{"FIREBASE_CONFIG":"{\"projectId\":\"gamefaktory-1b0b8\",\"storageBucket\":\"gamefaktory-1b0b8.firebasestorage.app\"}","GCLOUD_PROJECT":"gamefaktory-1b0b8","EVENTARC_CLOUD_EVENT_SOURCE":"projects/gamefaktory-1b0b8/locations/us-central1/services/toggleLike","FUNCTION_REGION":"us-central1","FUNCTION_TARGET":"toggleLike","LOG_EXECUTION_ID":"true","FUNCTION_SIGNATURE_TYPE":"http"},"maxInstanceCount":20,"ingressSettings":"ALLOW_ALL","uri":"https://togglelike-5qywfw6lha-uc.a.run.app","serviceAccountEmail":"95784943954-compute@developer.gserviceaccount.com","availableMemory":"256Mi","allTrafficOnLatestRevision":true,"revision":"togglelike-00009-tiz","maxInstanceRequestConcurrency":80,"availableCpu":"1"},"state":"ACTIVE","updateTime":"2026-09-30T04:39:18.213641058Z","labels":{"deployment-tool":"cli-firebase","deployment-callable":"true","firebase-functions-hash":"13f6f28e934f2b74279e357045bff8b78111be11"},"environment":"GEN_2","url":"https://us-central1-gamefaktory-1b0b8.cloudfunctions.net/toggleLike","createTime":"2026-09-28T09:43:58.252524409Z","satisfiesPzi":true}]}
[info] i  extensions: ensuring required API firebaseextensions.googleapis.com is enabled... 
[debug] [2026-09-30T05:23:42.846Z] > command requires scopes: ["email","openid","https://www.googleapis.com/auth/cloudplatformprojects.readonly","https://www.googleapis.com/auth/firebase","https://www.googleapis.com/auth/cloud-platform"]
[debug] [2026-09-30T05:23:42.846Z] > authorizing via signed-in user (firebase.oqulix@gmail.com)
[debug] [2026-09-30T05:23:42.846Z] [iam] checking project gamefaktory-1b0b8 for permissions ["firebase.projects.get","firebaseextensions.instances.list"]
[debug] [2026-09-30T05:23:42.847Z] Checked if tokens are valid: true, expires at: 1790749402874
[debug] [2026-09-30T05:23:42.847Z] Checked if tokens are valid: true, expires at: 1790749402874
[debug] [2026-09-30T05:23:42.847Z] >>> [apiv2][query] POST https://cloudresourcemanager.googleapis.com/v1/projects/gamefaktory-1b0b8:testIamPermissions [none]
[debug] [2026-09-30T05:23:42.847Z] >>> [apiv2][(partial)header] POST https://cloudresourcemanager.googleapis.com/v1/projects/gamefaktory-1b0b8:testIamPermissions  x-goog-user-project=gamefaktory-1b0b8
[debug] [2026-09-30T05:23:42.847Z] >>> [apiv2][body] POST https://cloudresourcemanager.googleapis.com/v1/projects/gamefaktory-1b0b8:testIamPermissions {"permissions":["firebase.projects.get","firebaseextensions.instances.list"]}
[debug] [2026-09-30T05:23:44.421Z] <<< [apiv2][status] POST https://cloudresourcemanager.googleapis.com/v1/projects/gamefaktory-1b0b8:testIamPermissions 200
[debug] [2026-09-30T05:23:44.421Z] <<< [apiv2][body] POST https://cloudresourcemanager.googleapis.com/v1/projects/gamefaktory-1b0b8:testIamPermissions {"permissions":["firebase.projects.get","firebaseextensions.instances.list"]}
[debug] [2026-09-30T05:23:44.422Z] Checked if tokens are valid: true, expires at: 1790749402874
[debug] [2026-09-30T05:23:44.422Z] Checked if tokens are valid: true, expires at: 1790749402874
[debug] [2026-09-30T05:23:44.423Z] >>> [apiv2][query] GET https://firebaseextensions.googleapis.com/v1beta/projects/gamefaktory-1b0b8/instances pageSize=100&pageToken=
[debug] [2026-09-30T05:23:45.965Z] <<< [apiv2][status] GET https://firebaseextensions.googleapis.com/v1beta/projects/gamefaktory-1b0b8/instances 200
[debug] [2026-09-30T05:23:45.966Z] <<< [apiv2][body] GET https://firebaseextensions.googleapis.com/v1beta/projects/gamefaktory-1b0b8/instances {}
[debug] [2026-09-30T05:23:45.967Z] Attempting to merge .env secret bindings {} into declared secrets...)}
[debug] [2026-09-30T05:23:45.967Z] toggleLike declared secrets: undefined
[debug] [2026-09-30T05:23:45.967Z] addComment declared secrets: undefined
[debug] [2026-09-30T05:23:45.967Z] generateReferralCode declared secrets: undefined
[debug] [2026-09-30T05:23:45.967Z] processReferralCode declared secrets: undefined
[debug] [2026-09-30T05:23:45.967Z] awardPlaytimeCoin declared secrets: undefined
[debug] [2026-09-30T05:23:45.967Z] purchaseLife declared secrets: undefined
[debug] [2026-09-30T05:23:45.968Z] consumeLife declared secrets: undefined
[info] i  functions: preparing functions directory for uploading... 
[info] i  functions: packaged D:\Oqulix\Oqulix Projects\GameFaktory\game-feed\game-feed\functions (72.05 KB) for uploading 
[info] i  functions: ensuring required API run.googleapis.com is enabled... 
[info] i  functions: ensuring required API eventarc.googleapis.com is enabled... 
[info] i  functions: ensuring required API pubsub.googleapis.com is enabled... 
[info] i  functions: ensuring required API storage.googleapis.com is enabled... 
[info] i  functions: generating the service identity for pubsub.googleapis.com... 
[debug] [2026-09-30T05:23:46.076Z] Checked if tokens are valid: true, expires at: 1790749402874
[debug] [2026-09-30T05:23:46.076Z] Checked if tokens are valid: true, expires at: 1790749402874
[info] i  functions: generating the service identity for eventarc.googleapis.com... 
[debug] [2026-09-30T05:23:46.077Z] Checked if tokens are valid: true, expires at: 1790749402874
[debug] [2026-09-30T05:23:46.077Z] Checked if tokens are valid: true, expires at: 1790749402874
[debug] [2026-09-30T05:23:46.077Z] >>> [apiv2][query] POST https://serviceusage.googleapis.com/v1beta1/projects/95784943954/services/pubsub.googleapis.com:generateServiceIdentity [none]
[debug] [2026-09-30T05:23:46.077Z] >>> [apiv2][(partial)header] POST https://serviceusage.googleapis.com/v1beta1/projects/95784943954/services/pubsub.googleapis.com:generateServiceIdentity  x-goog-user-project=95784943954
[debug] [2026-09-30T05:23:46.077Z] >>> [apiv2][body] POST https://serviceusage.googleapis.com/v1beta1/projects/95784943954/services/pubsub.googleapis.com:generateServiceIdentity {}
[debug] [2026-09-30T05:23:46.078Z] >>> [apiv2][query] POST https://serviceusage.googleapis.com/v1beta1/projects/95784943954/services/eventarc.googleapis.com:generateServiceIdentity [none]
[debug] [2026-09-30T05:23:46.078Z] >>> [apiv2][(partial)header] POST https://serviceusage.googleapis.com/v1beta1/projects/95784943954/services/eventarc.googleapis.com:generateServiceIdentity  x-goog-user-project=95784943954
[debug] [2026-09-30T05:23:46.078Z] >>> [apiv2][body] POST https://serviceusage.googleapis.com/v1beta1/projects/95784943954/services/eventarc.googleapis.com:generateServiceIdentity {}
[debug] [2026-09-30T05:23:47.925Z] <<< [apiv2][status] POST https://serviceusage.googleapis.com/v1beta1/projects/95784943954/services/eventarc.googleapis.com:generateServiceIdentity 200
[debug] [2026-09-30T05:23:47.925Z] <<< [apiv2][body] POST https://serviceusage.googleapis.com/v1beta1/projects/95784943954/services/eventarc.googleapis.com:generateServiceIdentity {"name":"operations/finished.DONE_OPERATION","done":true,"response":{"@type":"type.googleapis.com/google.api.serviceusage.v1beta1.ServiceIdentity","email":"service-95784943954@gcp-sa-eventarc.iam.gserviceaccount.com","uniqueId":"105939667504080964345"}}
[debug] [2026-09-30T05:23:47.954Z] <<< [apiv2][status] POST https://serviceusage.googleapis.com/v1beta1/projects/95784943954/services/pubsub.googleapis.com:generateServiceIdentity 200
[debug] [2026-09-30T05:23:47.954Z] <<< [apiv2][body] POST https://serviceusage.googleapis.com/v1beta1/projects/95784943954/services/pubsub.googleapis.com:generateServiceIdentity {"name":"operations/finished.DONE_OPERATION","done":true,"response":{"@type":"type.googleapis.com/google.api.serviceusage.v1beta1.ServiceIdentity","email":"service-95784943954@gcp-sa-pubsub.iam.gserviceaccount.com","uniqueId":"114153090931228072246"}}
[debug] [2026-09-30T05:23:47.957Z] Checked if tokens are valid: true, expires at: 1790749402874
[debug] [2026-09-30T05:23:47.958Z] Checked if tokens are valid: true, expires at: 1790749402874
[debug] [2026-09-30T05:23:47.958Z] >>> [apiv2][query] GET https://cloudbilling.googleapis.com/v1/projects/gamefaktory-1b0b8/billingInfo [none]
[debug] [2026-09-30T05:23:47.958Z] >>> [apiv2][(partial)header] GET https://cloudbilling.googleapis.com/v1/projects/gamefaktory-1b0b8/billingInfo  x-goog-user-project=gamefaktory-1b0b8
[debug] [2026-09-30T05:23:49.743Z] <<< [apiv2][status] GET https://cloudbilling.googleapis.com/v1/projects/gamefaktory-1b0b8/billingInfo 200
[debug] [2026-09-30T05:23:49.743Z] <<< [apiv2][body] GET https://cloudbilling.googleapis.com/v1/projects/gamefaktory-1b0b8/billingInfo {"name":"projects/gamefaktory-1b0b8/billingInfo","projectId":"gamefaktory-1b0b8","billingAccountName":"billingAccounts/010548-3AE2EA-A9261E","billingEnabled":true}
[debug] [2026-09-30T05:23:49.746Z] Checked if tokens are valid: true, expires at: 1790749402874
[debug] [2026-09-30T05:23:49.746Z] Checked if tokens are valid: true, expires at: 1790749402874
[debug] [2026-09-30T05:23:49.746Z] >>> [apiv2][query] POST https://cloudfunctions.googleapis.com/v2/projects/gamefaktory-1b0b8/locations/us-central1/functions:generateUploadUrl [none]
[debug] [2026-09-30T05:23:51.289Z] <<< [apiv2][status] POST https://cloudfunctions.googleapis.com/v2/projects/gamefaktory-1b0b8/locations/us-central1/functions:generateUploadUrl 200
[debug] [2026-09-30T05:23:51.290Z] <<< [apiv2][body] POST https://cloudfunctions.googleapis.com/v2/projects/gamefaktory-1b0b8/locations/us-central1/functions:generateUploadUrl {"uploadUrl":"https://storage.googleapis.com/gcf-v2-uploads-95784943954.us-central1.cloudfunctions.appspot.com/2c982a77-4d03-4b5e-aef6-fad480648d48.zip?GoogleAccessId=service-95784943954@gcf-admin-robot.iam.gserviceaccount.com&Expires=1790747631&Signature=UM5Au3YoMAtUKwOSHkZYO9ZZGHk4S8skTHTW5sTPLxn5YLf7%2FxnfyvJyGf6a2gwSLluivvzWE171kk1rR74Sl8iuhrlhbtcWPw7K2n47mLyrATKRLSpsxu9wofm3FpDfPjbPQ5Jw8yv9SYmJPO7Inlql4E6%2Bcx9XuUGoInsSe6TRxXzUc2vjFt%2F04xKvwB8ZpfQKJWQmfDKAj1ntRERzZ8YilTt9Ul1TeF8ZmPF8AFUODRCilBXs%2BNLMsDzCZ7%2B8aPEiTKc%2BAmy1ARSW0apFs41N95XVSFynVwHidGHN6AwZ3pc7VIOfBkfedu2%2BDCw2bMhlstTghWAgUwXJFyjXkA%3D%3D","storageSource":{"bucket":"gcf-v2-uploads-95784943954.us-central1.cloudfunctions.appspot.com","object":"2c982a77-4d03-4b5e-aef6-fad480648d48.zip"}}
[debug] [2026-09-30T05:23:51.291Z] >>> [apiv2][query] PUT https://storage.googleapis.com/gcf-v2-uploads-95784943954.us-central1.cloudfunctions.appspot.com/2c982a77-4d03-4b5e-aef6-fad480648d48.zip GoogleAccessId=service-95784943954%40gcf-admin-robot.iam.gserviceaccount.com&Expires=1790747631&Signature=UM5Au3YoMAtUKwOSHkZYO9ZZGHk4S8skTHTW5sTPLxn5YLf7%2FxnfyvJyGf6a2gwSLluivvzWE171kk1rR74Sl8iuhrlhbtcWPw7K2n47mLyrATKRLSpsxu9wofm3FpDfPjbPQ5Jw8yv9SYmJPO7Inlql4E6%2Bcx9XuUGoInsSe6TRxXzUc2vjFt%2F04xKvwB8ZpfQKJWQmfDKAj1ntRERzZ8YilTt9Ul1TeF8ZmPF8AFUODRCilBXs%2BNLMsDzCZ7%2B8aPEiTKc%2BAmy1ARSW0apFs41N95XVSFynVwHidGHN6AwZ3pc7VIOfBkfedu2%2BDCw2bMhlstTghWAgUwXJFyjXkA%3D%3D
[debug] [2026-09-30T05:23:51.291Z] >>> [apiv2][body] PUT https://storage.googleapis.com/gcf-v2-uploads-95784943954.us-central1.cloudfunctions.appspot.com/2c982a77-4d03-4b5e-aef6-fad480648d48.zip [stream]
[debug] [2026-09-30T05:23:52.423Z] <<< [apiv2][status] PUT https://storage.googleapis.com/gcf-v2-uploads-95784943954.us-central1.cloudfunctions.appspot.com/2c982a77-4d03-4b5e-aef6-fad480648d48.zip 200
[debug] [2026-09-30T05:23:52.423Z] <<< [apiv2][body] PUT https://storage.googleapis.com/gcf-v2-uploads-95784943954.us-central1.cloudfunctions.appspot.com/2c982a77-4d03-4b5e-aef6-fad480648d48.zip [omitted]
[info] +  functions: functions source uploaded successfully 
[info] i  functions: creating Node.js 24 (2nd Gen) function purchaseLife(us-central1)... 
[info] i  functions: creating Node.js 24 (2nd Gen) function consumeLife(us-central1)... 
[info] i  functions: updating Node.js 24 (2nd Gen) function toggleLike(us-central1)... 
[info] i  functions: updating Node.js 24 (2nd Gen) function addComment(us-central1)... 
[info] i  functions: updating Node.js 24 (2nd Gen) function generateReferralCode(us-central1)... 
[info] i  functions: updating Node.js 24 (2nd Gen) function processReferralCode(us-central1)... 
[info] i  functions: updating Node.js 24 (2nd Gen) function awardPlaytimeCoin(us-central1)... 
[debug] [2026-09-30T05:23:52.429Z] Checked if tokens are valid: true, expires at: 1790749402874
[debug] [2026-09-30T05:23:52.429Z] Checked if tokens are valid: true, expires at: 1790749402874
[debug] [2026-09-30T05:23:52.429Z] >>> [apiv2][query] POST https://cloudfunctions.googleapis.com/v2/projects/gamefaktory-1b0b8/locations/us-central1/functions functionId=purchaseLife
[debug] [2026-09-30T05:23:52.430Z] >>> [apiv2][body] POST https://cloudfunctions.googleapis.com/v2/projects/gamefaktory-1b0b8/locations/us-central1/functions {"name":"projects/gamefaktory-1b0b8/locations/us-central1/functions/purchaseLife","buildConfig":{"runtime":"nodejs24","entryPoint":"purchaseLife","source":{"storageSource":{"bucket":"gcf-v2-uploads-95784943954.us-central1.cloudfunctions.appspot.com","object":"2c982a77-4d03-4b5e-aef6-fad480648d48.zip"}},"environmentVariables":{"GOOGLE_NODE_RUN_SCRIPTS":""}},"serviceConfig":{"environmentVariables":{"FIREBASE_CONFIG":"{\"projectId\":\"gamefaktory-1b0b8\",\"storageBucket\":\"gamefaktory-1b0b8.firebasestorage.app\"}","GCLOUD_PROJECT":"gamefaktory-1b0b8","EVENTARC_CLOUD_EVENT_SOURCE":"projects/gamefaktory-1b0b8/locations/us-central1/services/purchaseLife","FUNCTION_REGION":"us-central1","FUNCTION_TARGET":"purchaseLife","LOG_EXECUTION_ID":"true"},"ingressSettings":null,"timeoutSeconds":null,"serviceAccountEmail":null,"availableMemory":"256Mi","minInstanceCount":null,"maxInstanceCount":null,"maxInstanceRequestConcurrency":80,"availableCpu":"1","vpcConnector":null,"vpcConnectorEgressSettings":null,"directVpcNetworkInterface":null,"directVpcEgress":null},"labels":{"deployment-tool":"cli-firebase","deployment-callable":"true","firebase-functions-hash":"834d1a2bf080504a37de70877b5ec4a28dadee5e"}}
[debug] [2026-09-30T05:23:54.419Z] <<< [apiv2][status] POST https://cloudfunctions.googleapis.com/v2/projects/gamefaktory-1b0b8/locations/us-central1/functions 200
[debug] [2026-09-30T05:23:54.419Z] <<< [apiv2][body] POST https://cloudfunctions.googleapis.com/v2/projects/gamefaktory-1b0b8/locations/us-central1/functions {"name":"projects/gamefaktory-1b0b8/locations/us-central1/operations/operation-1790745834499-65cac81592d4b-85403a12-c2ee8103","metadata":{"@type":"type.googleapis.com/google.cloud.functions.v2.OperationMetadata","createTime":"2026-09-30T05:23:55.068601838Z","target":"projects/gamefaktory-1b0b8/locations/us-central1/functions/purchaseLife","verb":"create","cancelRequested":false,"apiVersion":"v2"},"done":false}
[debug] [2026-09-30T05:23:54.421Z] Checked if tokens are valid: true, expires at: 1790749402874
[debug] [2026-09-30T05:23:54.421Z] Checked if tokens are valid: true, expires at: 1790749402874
[debug] [2026-09-30T05:23:54.421Z] >>> [apiv2][query] GET https://cloudfunctions.googleapis.com/v2/projects/gamefaktory-1b0b8/locations/us-central1/operations/operation-1790745834499-65cac81592d4b-85403a12-c2ee8103 [none]
[debug] [2026-09-30T05:23:55.862Z] <<< [apiv2][status] GET https://cloudfunctions.googleapis.com/v2/projects/gamefaktory-1b0b8/locations/us-central1/operations/operation-1790745834499-65cac81592d4b-85403a12-c2ee8103 200
[debug] [2026-09-30T05:23:55.862Z] <<< [apiv2][body] GET https://cloudfunctions.googleapis.com/v2/projects/gamefaktory-1b0b8/locations/us-central1/operations/operation-1790745834499-65cac81592d4b-85403a12-c2ee8103 {"name":"projects/gamefaktory-1b0b8/locations/us-central1/operations/operation-1790745834499-65cac81592d4b-85403a12-c2ee8103","metadata":{"@type":"type.googleapis.com/google.cloud.functions.v2.OperationMetadata","createTime":"2026-09-30T05:23:55.068601838Z","target":"projects/gamefaktory-1b0b8/locations/us-central1/functions/purchaseLife","verb":"create","cancelRequested":false,"apiVersion":"v2","requestResource":{"@type":"type.googleapis.com/google.cloud.functions.v2.Function","name":"projects/gamefaktory-1b0b8/locations/us-central1/functions/purchaseLife","buildConfig":{"runtime":"nodejs24","entryPoint":"purchaseLife","source":{"storageSource":{"bucket":"gcf-v2-sources-95784943954-us-central1","object":"purchaseLife/function-source.zip","generation":"1790745834809268"}},"environmentVariables":{"GOOGLE_NODE_RUN_SCRIPTS":""},"serviceAccount":"projects/gamefaktory-1b0b8/serviceAccounts/95784943954-compute@developer.gserviceaccount.com","automaticUpdatePolicy":{}},"serviceConfig":{"service":"projects/gamefaktory-1b0b8/locations/us-central1/services/purchaselife","timeoutSeconds":60,"environmentVariables":{"FIREBASE_CONFIG":"{\"projectId\":\"gamefaktory-1b0b8\",\"storageBucket\":\"gamefaktory-1b0b8.firebasestorage.app\"}","GCLOUD_PROJECT":"gamefaktory-1b0b8","EVENTARC_CLOUD_EVENT_SOURCE":"projects/gamefaktory-1b0b8/locations/us-central1/services/purchaseLife","FUNCTION_REGION":"us-central1","FUNCTION_TARGET":"purchaseLife","LOG_EXECUTION_ID":"true"},"ingressSettings":"ALLOW_ALL","serviceAccountEmail":"95784943954-compute@developer.gserviceaccount.com","availableMemory":"256Mi","maxInstanceRequestConcurrency":80,"availableCpu":"1"},"labels":{"deployment-tool":"cli-firebase","deployment-callable":"true","firebase-functions-hash":"834d1a2bf080504a37de70877b5ec4a28dadee5e"},"environment":"GEN_2"},"stages":[{"name":"BUILD","state":"NOT_STARTED"},{"name":"SERVICE","state":"NOT_STARTED"}],"operationType":"CREATE_FUNCTION"},"done":false}
[debug] [2026-09-30T05:23:56.369Z] [create-default-us-central1-purchaseLife] Retrying task index 0
[debug] [2026-09-30T05:23:56.369Z] Checked if tokens are valid: true, expires at: 1790749402874
[debug] [2026-09-30T05:23:56.369Z] Checked if tokens are valid: true, expires at: 1790749402874
[debug] [2026-09-30T05:23:56.369Z] >>> [apiv2][query] GET https://cloudfunctions.googleapis.com/v2/projects/gamefaktory-1b0b8/locations/us-central1/operations/operation-1790745834499-65cac81592d4b-85403a12-c2ee8103 [none]
[debug] [2026-09-30T05:23:57.751Z] <<< [apiv2][status] GET https://cloudfunctions.googleapis.com/v2/projects/gamefaktory-1b0b8/locations/us-central1/operations/operation-1790745834499-65cac81592d4b-85403a12-c2ee8103 200
[debug] [2026-09-30T05:23:57.751Z] <<< [apiv2][body] GET https://cloudfunctions.googleapis.com/v2/projects/gamefaktory-1b0b8/locations/us-central1/operations/operation-1790745834499-65cac81592d4b-85403a12-c2ee8103 {"name":"projects/gamefaktory-1b0b8/locations/us-central1/operations/operation-1790745834499-65cac81592d4b-85403a12-c2ee8103","metadata":{"@type":"type.googleapis.com/google.cloud.functions.v2.OperationMetadata","createTime":"2026-09-30T05:23:55.068601838Z","target":"projects/gamefaktory-1b0b8/locations/us-central1/functions/purchaseLife","verb":"create","cancelRequested":false,"apiVersion":"v2","requestResource":{"@type":"type.googleapis.com/google.cloud.functions.v2.Function","name":"projects/gamefaktory-1b0b8/locations/us-central1/functions/purchaseLife","buildConfig":{"runtime":"nodejs24","entryPoint":"purchaseLife","source":{"storageSource":{"bucket":"gcf-v2-sources-95784943954-us-central1","object":"purchaseLife/function-source.zip","generation":"1790745834809268"}},"environmentVariables":{"GOOGLE_NODE_RUN_SCRIPTS":""},"serviceAccount":"projects/gamefaktory-1b0b8/serviceAccounts/95784943954-compute@developer.gserviceaccount.com","automaticUpdatePolicy":{}},"serviceConfig":{"service":"projects/gamefaktory-1b0b8/locations/us-central1/services/purchaselife","timeoutSeconds":60,"environmentVariables":{"FIREBASE_CONFIG":"{\"projectId\":\"gamefaktory-1b0b8\",\"storageBucket\":\"gamefaktory-1b0b8.firebasestorage.app\"}","GCLOUD_PROJECT":"gamefaktory-1b0b8","EVENTARC_CLOUD_EVENT_SOURCE":"projects/gamefaktory-1b0b8/locations/us-central1/services/purchaseLife","FUNCTION_REGION":"us-central1","FUNCTION_TARGET":"purchaseLife","LOG_EXECUTION_ID":"true"},"ingressSettings":"ALLOW_ALL","serviceAccountEmail":"95784943954-compute@developer.gserviceaccount.com","availableMemory":"256Mi","maxInstanceRequestConcurrency":80,"availableCpu":"1"},"labels":{"deployment-tool":"cli-firebase","deployment-callable":"true","firebase-functions-hash":"834d1a2bf080504a37de70877b5ec4a28dadee5e"},"environment":"GEN_2"},"stages":[{"name":"BUILD","message":"Build in progress","state":"IN_PROGRESS","resource":"projects/95784943954/locations/us-central1/builds/4f13ff01-1ef9-447a-9077-573d195ca993","resourceUri":"https://console.cloud.google.com/cloud-build/builds;region=us-central1/4f13ff01-1ef9-447a-9077-573d195ca993?project=95784943954"},{"name":"SERVICE","state":"NOT_STARTED"}],"operationType":"CREATE_FUNCTION","buildName":"projects/95784943954/locations/us-central1/builds/4f13ff01-1ef9-447a-9077-573d195ca993"},"done":false}
[debug] [2026-09-30T05:23:58.756Z] [create-default-us-central1-purchaseLife] Retrying task index 0
[debug] [2026-09-30T05:23:58.757Z] Checked if tokens are valid: true, expires at: 1790749402874
[debug] [2026-09-30T05:23:58.757Z] Checked if tokens are valid: true, expires at: 1790749402874
[debug] [2026-09-30T05:23:58.757Z] >>> [apiv2][query] GET https://cloudfunctions.googleapis.com/v2/projects/gamefaktory-1b0b8/locations/us-central1/operations/operation-1790745834499-65cac81592d4b-85403a12-c2ee8103 [none]
[debug] [2026-09-30T05:24:00.119Z] <<< [apiv2][status] GET https://cloudfunctions.googleapis.com/v2/projects/gamefaktory-1b0b8/locations/us-central1/operations/operation-1790745834499-65cac81592d4b-85403a12-c2ee8103 200
[debug] [2026-09-30T05:24:00.119Z] <<< [apiv2][body] GET https://cloudfunctions.googleapis.com/v2/projects/gamefaktory-1b0b8/locations/us-central1/operations/operation-1790745834499-65cac81592d4b-85403a12-c2ee8103 {"name":"projects/gamefaktory-1b0b8/locations/us-central1/operations/operation-1790745834499-65cac81592d4b-85403a12-c2ee8103","metadata":{"@type":"type.googleapis.com/google.cloud.functions.v2.OperationMetadata","createTime":"2026-09-30T05:23:55.068601838Z","target":"projects/gamefaktory-1b0b8/locations/us-central1/functions/purchaseLife","verb":"create","cancelRequested":false,"apiVersion":"v2","requestResource":{"@type":"type.googleapis.com/google.cloud.functions.v2.Function","name":"projects/gamefaktory-1b0b8/locations/us-central1/functions/purchaseLife","buildConfig":{"runtime":"nodejs24","entryPoint":"purchaseLife","source":{"storageSource":{"bucket":"gcf-v2-sources-95784943954-us-central1","object":"purchaseLife/function-source.zip","generation":"1790745834809268"}},"environmentVariables":{"GOOGLE_NODE_RUN_SCRIPTS":""},"serviceAccount":"projects/gamefaktory-1b0b8/serviceAccounts/95784943954-compute@developer.gserviceaccount.com","automaticUpdatePolicy":{}},"serviceConfig":{"service":"projects/gamefaktory-1b0b8/locations/us-central1/services/purchaselife","timeoutSeconds":60,"environmentVariables":{"FIREBASE_CONFIG":"{\"projectId\":\"gamefaktory-1b0b8\",\"storageBucket\":\"gamefaktory-1b0b8.firebasestorage.app\"}","GCLOUD_PROJECT":"gamefaktory-1b0b8","EVENTARC_CLOUD_EVENT_SOURCE":"projects/gamefaktory-1b0b8/locations/us-central1/services/purchaseLife","FUNCTION_REGION":"us-central1","FUNCTION_TARGET":"purchaseLife","LOG_EXECUTION_ID":"true"},"ingressSettings":"ALLOW_ALL","serviceAccountEmail":"95784943954-compute@developer.gserviceaccount.com","availableMemory":"256Mi","maxInstanceRequestConcurrency":80,"availableCpu":"1"},"labels":{"deployment-tool":"cli-firebase","deployment-callable":"true","firebase-functions-hash":"834d1a2bf080504a37de70877b5ec4a28dadee5e"},"environment":"GEN_2"},"stages":[{"name":"BUILD","message":"Build in progress","state":"IN_PROGRESS","resource":"projects/95784943954/locations/us-central1/builds/4f13ff01-1ef9-447a-9077-573d195ca993","resourceUri":"https://console.cloud.google.com/cloud-build/builds;region=us-central1/4f13ff01-1ef9-447a-9077-573d195ca993?project=95784943954"},{"name":"SERVICE","state":"NOT_STARTED"}],"operationType":"CREATE_FUNCTION","buildName":"projects/95784943954/locations/us-central1/builds/4f13ff01-1ef9-447a-9077-573d195ca993"},"done":false}
[debug] [2026-09-30T05:24:02.122Z] [create-default-us-central1-purchaseLife] Retrying task index 0
[debug] [2026-09-30T05:24:02.123Z] Checked if tokens are valid: true, expires at: 1790749402874
[debug] [2026-09-30T05:24:02.123Z] Checked if tokens are valid: true, expires at: 1790749402874
[debug] [2026-09-30T05:24:02.123Z] >>> [apiv2][query] GET https://cloudfunctions.googleapis.com/v2/projects/gamefaktory-1b0b8/locations/us-central1/operations/operation-1790745834499-65cac81592d4b-85403a12-c2ee8103 [none]
[debug] [2026-09-30T05:24:03.561Z] <<< [apiv2][status] GET https://cloudfunctions.googleapis.com/v2/projects/gamefaktory-1b0b8/locations/us-central1/operations/operation-1790745834499-65cac81592d4b-85403a12-c2ee8103 200
[debug] [2026-09-30T05:24:03.561Z] <<< [apiv2][body] GET https://cloudfunctions.googleapis.com/v2/projects/gamefaktory-1b0b8/locations/us-central1/operations/operation-1790745834499-65cac81592d4b-85403a12-c2ee8103 {"name":"projects/gamefaktory-1b0b8/locations/us-central1/operations/operation-1790745834499-65cac81592d4b-85403a12-c2ee8103","metadata":{"@type":"type.googleapis.com/google.cloud.functions.v2.OperationMetadata","createTime":"2026-09-30T05:23:55.068601838Z","target":"projects/gamefaktory-1b0b8/locations/us-central1/functions/purchaseLife","verb":"create","cancelRequested":false,"apiVersion":"v2","requestResource":{"@type":"type.googleapis.com/google.cloud.functions.v2.Function","name":"projects/gamefaktory-1b0b8/locations/us-central1/functions/purchaseLife","buildConfig":{"runtime":"nodejs24","entryPoint":"purchaseLife","source":{"storageSource":{"bucket":"gcf-v2-sources-95784943954-us-central1","object":"purchaseLife/function-source.zip","generation":"1790745834809268"}},"environmentVariables":{"GOOGLE_NODE_RUN_SCRIPTS":""},"serviceAccount":"projects/gamefaktory-1b0b8/serviceAccounts/95784943954-compute@developer.gserviceaccount.com","automaticUpdatePolicy":{}},"serviceConfig":{"service":"projects/gamefaktory-1b0b8/locations/us-central1/services/purchaselife","timeoutSeconds":60,"environmentVariables":{"FIREBASE_CONFIG":"{\"projectId\":\"gamefaktory-1b0b8\",\"storageBucket\":\"gamefaktory-1b0b8.firebasestorage.app\"}","GCLOUD_PROJECT":"gamefaktory-1b0b8","EVENTARC_CLOUD_EVENT_SOURCE":"projects/gamefaktory-1b0b8/locations/us-central1/services/purchaseLife","FUNCTION_REGION":"us-central1","FUNCTION_TARGET":"purchaseLife","LOG_EXECUTION_ID":"true"},"ingressSettings":"ALLOW_ALL","serviceAccountEmail":"95784943954-compute@developer.gserviceaccount.com","availableMemory":"256Mi","maxInstanceRequestConcurrency":80,"availableCpu":"1"},"labels":{"deployment-tool":"cli-firebase","deployment-callable":"true","firebase-functions-hash":"834d1a2bf080504a37de70877b5ec4a28dadee5e"},"environment":"GEN_2"},"stages":[{"name":"BUILD","message":"Build in progress","state":"IN_PROGRESS","resource":"projects/95784943954/locations/us-central1/builds/4f13ff01-1ef9-447a-9077-573d195ca993","resourceUri":"https://console.cloud.google.com/cloud-build/builds;region=us-central1/4f13ff01-1ef9-447a-9077-573d195ca993?project=95784943954"},{"name":"SERVICE","state":"NOT_STARTED"}],"operationType":"CREATE_FUNCTION","buildName":"projects/95784943954/locations/us-central1/builds/4f13ff01-1ef9-447a-9077-573d195ca993"},"done":false}
[debug] [2026-09-30T05:24:07.563Z] [create-default-us-central1-purchaseLife] Retrying task index 0
[debug] [2026-09-30T05:24:07.563Z] Checked if tokens are valid: true, expires at: 1790749402874
[debug] [2026-09-30T05:24:07.564Z] Checked if tokens are valid: true, expires at: 1790749402874
[debug] [2026-09-30T05:24:07.564Z] >>> [apiv2][query] GET https://cloudfunctions.googleapis.com/v2/projects/gamefaktory-1b0b8/locations/us-central1/operations/operation-1790745834499-65cac81592d4b-85403a12-c2ee8103 [none]
[debug] [2026-09-30T05:24:09.095Z] <<< [apiv2][status] GET https://cloudfunctions.googleapis.com/v2/projects/gamefaktory-1b0b8/locations/us-central1/operations/operation-1790745834499-65cac81592d4b-85403a12-c2ee8103 200
[debug] [2026-09-30T05:24:09.095Z] <<< [apiv2][body] GET https://cloudfunctions.googleapis.com/v2/projects/gamefaktory-1b0b8/locations/us-central1/operations/operation-1790745834499-65cac81592d4b-85403a12-c2ee8103 {"name":"projects/gamefaktory-1b0b8/locations/us-central1/operations/operation-1790745834499-65cac81592d4b-85403a12-c2ee8103","metadata":{"@type":"type.googleapis.com/google.cloud.functions.v2.OperationMetadata","createTime":"2026-09-30T05:23:55.068601838Z","target":"projects/gamefaktory-1b0b8/locations/us-central1/functions/purchaseLife","verb":"create","cancelRequested":false,"apiVersion":"v2","requestResource":{"@type":"type.googleapis.com/google.cloud.functions.v2.Function","name":"projects/gamefaktory-1b0b8/locations/us-central1/functions/purchaseLife","buildConfig":{"runtime":"nodejs24","entryPoint":"purchaseLife","source":{"storageSource":{"bucket":"gcf-v2-sources-95784943954-us-central1","object":"purchaseLife/function-source.zip","generation":"1790745834809268"}},"environmentVariables":{"GOOGLE_NODE_RUN_SCRIPTS":""},"serviceAccount":"projects/gamefaktory-1b0b8/serviceAccounts/95784943954-compute@developer.gserviceaccount.com","automaticUpdatePolicy":{}},"serviceConfig":{"service":"projects/gamefaktory-1b0b8/locations/us-central1/services/purchaselife","timeoutSeconds":60,"environmentVariables":{"FIREBASE_CONFIG":"{\"projectId\":\"gamefaktory-1b0b8\",\"storageBucket\":\"gamefaktory-1b0b8.firebasestorage.app\"}","GCLOUD_PROJECT":"gamefaktory-1b0b8","EVENTARC_CLOUD_EVENT_SOURCE":"projects/gamefaktory-1b0b8/locations/us-central1/services/purchaseLife","FUNCTION_REGION":"us-central1","FUNCTION_TARGET":"purchaseLife","LOG_EXECUTION_ID":"true"},"ingressSettings":"ALLOW_ALL","serviceAccountEmail":"95784943954-compute@developer.gserviceaccount.com","availableMemory":"256Mi","maxInstanceRequestConcurrency":80,"availableCpu":"1"},"labels":{"deployment-tool":"cli-firebase","deployment-callable":"true","firebase-functions-hash":"834d1a2bf080504a37de70877b5ec4a28dadee5e"},"environment":"GEN_2"},"stages":[{"name":"BUILD","message":"Build in progress","state":"IN_PROGRESS","resource":"projects/95784943954/locations/us-central1/builds/4f13ff01-1ef9-447a-9077-573d195ca993","resourceUri":"https://console.cloud.google.com/cloud-build/builds;region=us-central1/4f13ff01-1ef9-447a-9077-573d195ca993?project=95784943954"},{"name":"SERVICE","state":"NOT_STARTED"}],"operationType":"CREATE_FUNCTION","buildName":"projects/95784943954/locations/us-central1/builds/4f13ff01-1ef9-447a-9077-573d195ca993"},"done":false}
[debug] [2026-09-30T05:24:17.099Z] [create-default-us-central1-purchaseLife] Retrying task index 0
[debug] [2026-09-30T05:24:17.100Z] Checked if tokens are valid: true, expires at: 1790749402874
[debug] [2026-09-30T05:24:17.100Z] Checked if tokens are valid: true, expires at: 1790749402874
[debug] [2026-09-30T05:24:17.100Z] >>> [apiv2][query] GET https://cloudfunctions.googleapis.com/v2/projects/gamefaktory-1b0b8/locations/us-central1/operations/operation-1790745834499-65cac81592d4b-85403a12-c2ee8103 [none]
[debug] [2026-09-30T05:24:18.565Z] <<< [apiv2][status] GET https://cloudfunctions.googleapis.com/v2/projects/gamefaktory-1b0b8/locations/us-central1/operations/operation-1790745834499-65cac81592d4b-85403a12-c2ee8103 200
[debug] [2026-09-30T05:24:18.565Z] <<< [apiv2][body] GET https://cloudfunctions.googleapis.com/v2/projects/gamefaktory-1b0b8/locations/us-central1/operations/operation-1790745834499-65cac81592d4b-85403a12-c2ee8103 {"name":"projects/gamefaktory-1b0b8/locations/us-central1/operations/operation-1790745834499-65cac81592d4b-85403a12-c2ee8103","metadata":{"@type":"type.googleapis.com/google.cloud.functions.v2.OperationMetadata","createTime":"2026-09-30T05:23:55.068601838Z","target":"projects/gamefaktory-1b0b8/locations/us-central1/functions/purchaseLife","verb":"create","cancelRequested":false,"apiVersion":"v2","requestResource":{"@type":"type.googleapis.com/google.cloud.functions.v2.Function","name":"projects/gamefaktory-1b0b8/locations/us-central1/functions/purchaseLife","buildConfig":{"runtime":"nodejs24","entryPoint":"purchaseLife","source":{"storageSource":{"bucket":"gcf-v2-sources-95784943954-us-central1","object":"purchaseLife/function-source.zip","generation":"1790745834809268"}},"environmentVariables":{"GOOGLE_NODE_RUN_SCRIPTS":""},"serviceAccount":"projects/gamefaktory-1b0b8/serviceAccounts/95784943954-compute@developer.gserviceaccount.com","automaticUpdatePolicy":{}},"serviceConfig":{"service":"projects/gamefaktory-1b0b8/locations/us-central1/services/purchaselife","timeoutSeconds":60,"environmentVariables":{"FIREBASE_CONFIG":"{\"projectId\":\"gamefaktory-1b0b8\",\"storageBucket\":\"gamefaktory-1b0b8.firebasestorage.app\"}","GCLOUD_PROJECT":"gamefaktory-1b0b8","EVENTARC_CLOUD_EVENT_SOURCE":"projects/gamefaktory-1b0b8/locations/us-central1/services/purchaseLife","FUNCTION_REGION":"us-central1","FUNCTION_TARGET":"purchaseLife","LOG_EXECUTION_ID":"true"},"ingressSettings":"ALLOW_ALL","serviceAccountEmail":"95784943954-compute@developer.gserviceaccount.com","availableMemory":"256Mi","maxInstanceRequestConcurrency":80,"availableCpu":"1"},"labels":{"deployment-tool":"cli-firebase","deployment-callable":"true","firebase-functions-hash":"834d1a2bf080504a37de70877b5ec4a28dadee5e"},"environment":"GEN_2"},"stages":[{"name":"BUILD","message":"Build in progress","state":"IN_PROGRESS","resource":"projects/95784943954/locations/us-central1/builds/4f13ff01-1ef9-447a-9077-573d195ca993","resourceUri":"https://console.cloud.google.com/cloud-build/builds;region=us-central1/4f13ff01-1ef9-447a-9077-573d195ca993?project=95784943954"},{"name":"SERVICE","state":"NOT_STARTED"}],"operationType":"CREATE_FUNCTION","buildName":"projects/95784943954/locations/us-central1/builds/4f13ff01-1ef9-447a-9077-573d195ca993"},"done":false}
[debug] [2026-09-30T05:24:28.570Z] [create-default-us-central1-purchaseLife] Retrying task index 0
[debug] [2026-09-30T05:24:28.571Z] Checked if tokens are valid: true, expires at: 1790749402874
[debug] [2026-09-30T05:24:28.571Z] Checked if tokens are valid: true, expires at: 1790749402874
[debug] [2026-09-30T05:24:28.571Z] >>> [apiv2][query] GET https://cloudfunctions.googleapis.com/v2/projects/gamefaktory-1b0b8/locations/us-central1/operations/operation-1790745834499-65cac81592d4b-85403a12-c2ee8103 [none]
[debug] [2026-09-30T05:24:30.055Z] <<< [apiv2][status] GET https://cloudfunctions.googleapis.com/v2/projects/gamefaktory-1b0b8/locations/us-central1/operations/operation-1790745834499-65cac81592d4b-85403a12-c2ee8103 200
[debug] [2026-09-30T05:24:30.055Z] <<< [apiv2][body] GET https://cloudfunctions.googleapis.com/v2/projects/gamefaktory-1b0b8/locations/us-central1/operations/operation-1790745834499-65cac81592d4b-85403a12-c2ee8103 {"name":"projects/gamefaktory-1b0b8/locations/us-central1/operations/operation-1790745834499-65cac81592d4b-85403a12-c2ee8103","metadata":{"@type":"type.googleapis.com/google.cloud.functions.v2.OperationMetadata","createTime":"2026-09-30T05:23:55.068601838Z","target":"projects/gamefaktory-1b0b8/locations/us-central1/functions/purchaseLife","verb":"create","cancelRequested":false,"apiVersion":"v2","requestResource":{"@type":"type.googleapis.com/google.cloud.functions.v2.Function","name":"projects/gamefaktory-1b0b8/locations/us-central1/functions/purchaseLife","buildConfig":{"runtime":"nodejs24","entryPoint":"purchaseLife","source":{"storageSource":{"bucket":"gcf-v2-sources-95784943954-us-central1","object":"purchaseLife/function-source.zip","generation":"1790745834809268"}},"environmentVariables":{"GOOGLE_NODE_RUN_SCRIPTS":""},"serviceAccount":"projects/gamefaktory-1b0b8/serviceAccounts/95784943954-compute@developer.gserviceaccount.com","automaticUpdatePolicy":{}},"serviceConfig":{"service":"projects/gamefaktory-1b0b8/locations/us-central1/services/purchaselife","timeoutSeconds":60,"environmentVariables":{"FIREBASE_CONFIG":"{\"projectId\":\"gamefaktory-1b0b8\",\"storageBucket\":\"gamefaktory-1b0b8.firebasestorage.app\"}","GCLOUD_PROJECT":"gamefaktory-1b0b8","EVENTARC_CLOUD_EVENT_SOURCE":"projects/gamefaktory-1b0b8/locations/us-central1/services/purchaseLife","FUNCTION_REGION":"us-central1","FUNCTION_TARGET":"purchaseLife","LOG_EXECUTION_ID":"true"},"ingressSettings":"ALLOW_ALL","serviceAccountEmail":"95784943954-compute@developer.gserviceaccount.com","availableMemory":"256Mi","maxInstanceRequestConcurrency":80,"availableCpu":"1"},"labels":{"deployment-tool":"cli-firebase","deployment-callable":"true","firebase-functions-hash":"834d1a2bf080504a37de70877b5ec4a28dadee5e"},"environment":"GEN_2"},"stages":[{"name":"BUILD","message":"Build in progress","state":"IN_PROGRESS","resource":"projects/95784943954/locations/us-central1/builds/4f13ff01-1ef9-447a-9077-573d195ca993","resourceUri":"https://console.cloud.google.com/cloud-build/builds;region=us-central1/4f13ff01-1ef9-447a-9077-573d195ca993?project=95784943954"},{"name":"SERVICE","state":"NOT_STARTED"}],"operationType":"CREATE_FUNCTION","buildName":"projects/95784943954/locations/us-central1/builds/4f13ff01-1ef9-447a-9077-573d195ca993"},"done":false}
